defer-before
enter-before
true
after-before
cleanup-before
true
true
11
defer-after
enter-after
true
after-after
cleanup-after
true
true
22
try-ok
try-start-123
try-ok-123
cleanup-123
123
true
try-bad
try-start-12x
cleanup-12x
true
true
await-try-bad
await-start
await-cleanup
true
true
panic-after-await
panic-enter
true
9
panic-cleanup
true
true
after-panic-complete
panic-noawait
panic-noawait-enter
panic-noawait-cleanup
true
after-noawait
panic-inner-await
true
12
inner-cleanup
outer-cleanup
true
true
after-inner-panic
