try-ok
123
nil
destructure-ok
456
true
destructure-err
true
true
try-err
true
2
true
12x
must-ok
7
json-err-data
true
$
6
1
7
<eof>
6
6
wrap-error
true
true
true
parse input: Invalid bigint literal
true
Invalid bigint literal
defer-order
defer-order-fn-start
defer-order-fn-end
defer-2
defer-1
defer-eval
2
1
defer-try-ok
defer-try-cleanup
defer-try-err
defer-try-cleanup
