true
true
true
true
true
true
true
true
true
true
true
true
true
true
true
true
true
true
true
true
true
true
page
true
true
true
true
true
true
badInt
true
true
true
true
true
true
true
true
true
true
true
true
true
badBool
true
true
true
true
true
true
