true
application/json
1
true
POST
/items
application/json
1
true
true
true
true
true
201
y
true
true
true
true
true
409
conflict
true
1
true
true
true
7
true
true
true
true
400
bad
true
true
jsonDecodeAsHttpHeaders
$.a
type_mismatch
string
int
$.a
true
jsonDecodeAsHttpRequest.query
$.query.page
string
int
true
$.body
3
9
string
int
true
true
true
$.error
invalid_envelope_state
nil
map
true
true
true
$.error
invalid_envelope_state
map
nil
