true
true
true
true
true
true
true
true
true
true
true
true
true
true
true
true
true
true
true
true
true
true
true
true
true
true
true
true
true
queryParse.value
true
true
queryParse.key
true
true
true
true
true
true
true
true
true
true
true
true
queryStringify.key
